// Jest Snapshot v1, https://goo.gl/fbAQLP

exports[`renders correctly 1`] = `
<View
  style={undefined}
>
  <Text
    accessible={true}
    allowFontScaling={true}
    disabled={false}
    ellipsizeMode="tail"
    style={
      Object {
        "backgroundColor": "#ff0033",
        "color": "white",
        "fontSize": 18,
        "paddingBottom": 10,
        "paddingLeft": 10,
        "paddingRight": 10,
        "paddingTop": 10,
      }
    }
  >
    Something has gone wrong!
          
    <Text
      accessible={true}
      allowFontScaling={true}
      disabled={false}
      ellipsizeMode="tail"
      onPress={[Function]}
      style={
        Object {
          "textDecorationLine": "underline",
        }
      }
    >
      Dismiss
    </Text>
  </Text>
</View>
`;
