// Jest Snapshot v1, https://goo.gl/fbAQLP

exports[`initially renders a loading view 1`] = `
<View
  style={
    Object {
      "alignItems": "center",
      "backgroundColor": "#0000af",
      "flex": 1,
      "justifyContent": "center",
    }
  }
>
  <Text
    accessible={true}
    allowFontScaling={true}
    disabled={false}
    ellipsizeMode="tail"
    style={
      Object {
        "color": "white",
        "fontSize": 24,
      }
    }
  >
    Loading...
  </Text>
</View>
`;

exports[`renders correctly after data has been loaded 1`] = `
<RCTScrollView
  automaticallyAdjustContentInsets={false}
  dataSource={
    ListViewDataSource {
      "items": 6,
    }
  }
  renderFooter={[Function]}
  renderRow={[Function]}
  renderScrollComponent={[Function]}
  style={
    Object {
      "backgroundColor": "#0000af",
      "paddingTop": 70,
    }
  }
>
  <View>
    <Text
      accessible={true}
      allowFontScaling={true}
      disabled={false}
      ellipsizeMode="tail"
      onPress={[Function]}
      style={
        Array [
          Object {
            "color": "white",
            "fontSize": 20,
            "marginBottom": 8,
            "textAlign": "center",
          },
          undefined,
        ]
      }
    >
      VALLEYS
    </Text>
    <Text
      accessible={true}
      allowFontScaling={true}
      disabled={false}
      ellipsizeMode="tail"
      onPress={[Function]}
      style={
        Array [
          Object {
            "color": "white",
            "fontSize": 20,
            "marginBottom": 8,
            "textAlign": "center",
          },
          undefined,
        ]
      }
    >
      BEASTLY MOVIES
    </Text>
    <Text
      accessible={true}
      allowFontScaling={true}
      disabled={false}
      ellipsizeMode="tail"
      onPress={[Function]}
      style={
        Array [
          Object {
            "color": "white",
            "fontSize": 20,
            "marginBottom": 8,
            "textAlign": "center",
          },
          undefined,
        ]
      }
    >
      ABBREV.
    </Text>
    <Text
      accessible={true}
      allowFontScaling={true}
      disabled={false}
      ellipsizeMode="tail"
      onPress={[Function]}
      style={
        Array [
          Object {
            "color": "white",
            "fontSize": 20,
            "marginBottom": 8,
            "textAlign": "center",
          },
          undefined,
        ]
      }
    >
      CROSSWORD CLUES "Q"
    </Text>
    <Text
      accessible={true}
      allowFontScaling={true}
      disabled={false}
      ellipsizeMode="tail"
      onPress={[Function]}
      style={
        Array [
          Object {
            "color": "white",
            "fontSize": 20,
            "marginBottom": 8,
            "textAlign": "center",
          },
          undefined,
        ]
      }
    >
      ROBOTS
    </Text>
    <Text
      accessible={true}
      allowFontScaling={true}
      disabled={false}
      ellipsizeMode="tail"
      onPress={[Function]}
      style={
        Array [
          Object {
            "color": "white",
            "fontSize": 20,
            "marginBottom": 8,
            "textAlign": "center",
          },
          undefined,
        ]
      }
    >
      OLD STURBRIDGE VILLAGE
    </Text>
    <Text
      accessible={true}
      allowFontScaling={true}
      disabled={false}
      ellipsizeMode="tail"
      style={
        Object {
          "color": "white",
          "fontSize": 18,
          "textAlign": "center",
        }
      }
    >
      Current Score: 
      0
       - 
      Jeopardy
       Round
    </Text>
  </View>
</RCTScrollView>
`;
